../Core/Src/main.c:70:5:main	16	static
../Core/Src/main.c:110:6:uart_init	16	static
../Core/Src/main.c:125:6:dma_uart1_init	16	static
../Core/Src/main.c:140:6:DMA1_Stream5_IRQHandler	8	static,ignoring_inline_asm
../Core/Src/main.c:157:6:transmit_1char	16	static
../Core/Src/main.c:164:6:transmit_string	24	static
../Core/Src/main.c:172:9:recive_char	4	static
../Core/Src/main.c:181:6:SystemClock_Config	88	static
../Core/Src/main.c:223:13:MX_GPIO_Init	16	static
../Core/Src/main.c:245:6:Error_Handler	4	static,ignoring_inline_asm
