23:57:29 **** Incremental Build of configuration Debug for project EXTI ****
make -j4 all 
arm-none-eabi-gcc "../Core/Src/main.c" -mcpu=cortex-m4 -std=gnu11 -g3 -DDEBUG -DUSE_HAL_DRIVER -DSTM32F411xE -c -I../Core/Inc -I../Drivers/STM32F4xx_HAL_Driver/Inc -I../Drivers/STM32F4xx_HAL_Driver/Inc/Legacy -I../Drivers/CMSIS/Device/ST/STM32F4xx/Include -I../Drivers/CMSIS/Include -O0 -ffunction-sections -fdata-sections -Wall -fstack-usage -fcyclomatic-complexity -MMD -MP -MF"Core/Src/main.d" -MT"Core/Src/main.o" --specs=nano.specs -mfpu=fpv4-sp-d16 -mfloat-abi=hard -mthumb -o "Core/Src/main.o"
arm-none-eabi-gcc -o "EXTI.elf" @"objects.list"   -mcpu=cortex-m4 -T"/home/thangpham/stm32f4/Bare_metal/EXTI/STM32F411VETX_FLASH.ld" --specs=nosys.specs -Wl,-Map="EXTI.map" -Wl,--gc-sections -static --specs=nano.specs -mfpu=fpv4-sp-d16 -mfloat-abi=hard -mthumb -Wl,--start-group -lc -lm -Wl,--end-group
Finished building target: EXTI.elf
 
arm-none-eabi-size  EXTI.elf 
arm-none-eabi-objdump -h -S EXTI.elf  > "EXTI.list"
   text	   data	    bss	    dec	    hex	filename
   5084	     12	   1572	   6668	   1a0c	EXTI.elf
Finished building: default.size.stdout
arm-none-eabi-objcopy  -O binary EXTI.elf  "EXTI.bin"
 
Finished building: EXTI.list
Finished building: EXTI.bin
 
 
23:57:33 **** Incremental Build of configuration Debug for project EXTI ****
make -j4 all 
arm-none-eabi-size  EXTI.elf 
   text	   data	    bss	    dec	    hex	filename
   5084	     12	   1572	   6668	   1a0c	EXTI.elf
Finished building: default.size.stdout
 
